

Fri May 19 15:42:11 2023
Command line: TestDisk

TestDisk 7.1, Data Recovery Utility, July 2019
Christophe GRENIER <grenier@cgsecurity.org>
https://www.cgsecurity.org
OS: Linux, kernel 6.2.13-zen-1-zen (#1 ZEN SMP PREEMPT_DYNAMIC Wed, 26 Apr 2023 20:49:44 +0000) x86_64
Compiler: GCC 12.2
ext2fs lib: 1.47.0, ntfs lib: libntfs-3g, reiserfs lib: none, ewf lib: none, curses lib: ncurses 6.3
User is not root!
Hard disk list


TestDisk exited normally.
Using locale 'LC_CTYPE=en_US.UTF-8;LC_NUMERIC=en_US.UTF-8;LC_TIME=en_US.UTF-8;LC_COLLATE=en_US.UTF-8;LC_MONETARY=en_US.UTF-8;LC_MESSAGES=en_US.UTF-8;LC_PAPER=en_US.UTF-8;LC_NAME=en_US.UTF-8;LC_ADDRESS=en_US.UTF-8;LC_TELEPHONE=en_US.UTF-8;LC_MEASUREMENT=en_CA.UTF-8;LC_IDENTIFICATION=en_US.UTF-8'.


Fri May 19 15:42:15 2023
Command line: TestDisk /debug

TestDisk 7.1, Data Recovery Utility, July 2019
Christophe GRENIER <grenier@cgsecurity.org>
https://www.cgsecurity.org
OS: Linux, kernel 6.2.13-zen-1-zen (#1 ZEN SMP PREEMPT_DYNAMIC Wed, 26 Apr 2023 20:49:44 +0000) x86_64
Compiler: GCC 12.2
ext2fs lib: 1.47.0, ntfs lib: libntfs-3g, reiserfs lib: none, ewf lib: none, curses lib: ncurses 6.3
Warning: can't get size for Disk /dev/mapper/control - 0 B - 0 sectors, sector size=512
Hard disk list
Disk /dev/nvme0n1 - 256 GB / 238 GiB - CHS 244198 64 32, sector size=512

Partition table type (auto): EFI GPT
Disk /dev/nvme0n1 - 256 GB / 238 GiB
Partition table type: EFI GPT

TestDisk exited normally.
